echo "This is a test log file." > test.log
